[INFO] Scanning for projects...
[INFO] 
[INFO] ----------------------< org.delcom:spring-todos >-----------------------
[INFO] Building Spring Todos 0.0.1-SNAPSHOT
[INFO]   from pom.xml
[INFO] --------------------------------[ jar ]---------------------------------
[INFO] 
[INFO] --- dependency:3.9.0:properties (default) @ spring-todos ---
[INFO] 
[INFO] --- jacoco:0.8.14:prepare-agent (prepare-agent) @ spring-todos ---
[INFO] argLine set to "-javaagent:C:\\Users\\MSI MODERN\\.m2\\repository\\org\\jacoco\\org.jacoco.agent\\0.8.14\\org.jacoco.agent-0.8.14-runtime.jar=destfile=C:\\PBO\\prak9\\proyek-pbo\\target\\jacoco.exec,excludes=**/utils/**:**/configs/**:**/dto/**:**/views/**"
[INFO] 
[INFO] --- resources:3.3.1:resources (default-resources) @ spring-todos ---
[INFO] Copying 0 resource from src\main\resources to target\classes
[INFO] Copying 142 resources from src\main\resources to target\classes
[INFO] 
[INFO] --- compiler:3.14.1:compile (default-compile) @ spring-todos ---
[INFO] Nothing to compile - all classes are up to date.
[INFO] 
[INFO] --- resources:3.3.1:testResources (default-testResources) @ spring-todos ---
[INFO] skip non existing resourceDirectory C:\PBO\prak9\proyek-pbo\src\test\resources
[INFO] 
[INFO] --- compiler:3.14.1:testCompile (default-testCompile) @ spring-todos ---
[INFO] Nothing to compile - all classes are up to date.
[INFO] 
[INFO] --- surefire:3.5.4:test (default-test) @ spring-todos ---
[INFO] Using auto detected provider org.apache.maven.surefire.junitplatform.JUnitPlatformProvider
[INFO] 
[INFO] -------------------------------------------------------
[INFO]  T E S T S
[INFO] -------------------------------------------------------
[INFO] Running org.delcom.app.interceptors.AuthInterceptorTests
[ERROR] Tests run: 14, Failures: 0, Errors: 1, Skipped: 0, Time elapsed: 5.311 s <<< FAILURE! -- in org.delcom.app.interceptors.AuthInterceptorTests
[ERROR] org.delcom.app.interceptors.AuthInterceptorTests.preHandle_SessionAuth_Anonymous -- Time elapsed: 0.137 s <<< ERROR!
org.mockito.exceptions.misusing.UnnecessaryStubbingException: 

Unnecessary stubbings detected.
Clean & maintainable test code requires zero unnecessary code.
Following stubbings are unnecessary (click to navigate to relevant line of code):
  1. -> at org.delcom.app.interceptors.AuthInterceptorTests.preHandle_SessionAuth_Anonymous(AuthInterceptorTests.java:196)
Please remove unnecessary stubbings or use 'lenient' strictness. More info: javadoc for UnnecessaryStubbingException class.
	at org.mockito.junit.jupiter.MockitoExtension.lambda$afterEach$2(MockitoExtension.java:200)
	at java.base/java.util.Optional.ifPresent(Optional.java:178)
	at org.mockito.junit.jupiter.MockitoExtension.afterEach(MockitoExtension.java:198)
	at java.base/java.util.ArrayList.forEach(ArrayList.java:1604)
	at java.base/java.util.ArrayList.forEach(ArrayList.java:1604)

[INFO] 
[INFO] Results:
[INFO] 
[ERROR] Errors: 
[ERROR]   AuthInterceptorTests.preHandle_SessionAuth_Anonymous ╗ UnnecessaryStubbing 
Unnecessary stubbings detected.
Clean & maintainable test code requires zero unnecessary code.
Following stubbings are unnecessary (click to navigate to relevant line of code):
  1. -> at org.delcom.app.interceptors.AuthInterceptorTests.preHandle_SessionAuth_Anonymous(AuthInterceptorTests.java:196)
Please remove unnecessary stubbings or use 'lenient' strictness. More info: javadoc for UnnecessaryStubbingException class.
[INFO] 
[ERROR] Tests run: 14, Failures: 0, Errors: 1, Skipped: 0
[INFO] 
[INFO] ------------------------------------------------------------------------
[INFO] BUILD FAILURE
[INFO] ------------------------------------------------------------------------
[INFO] Total time:  12.412 s
[INFO] Finished at: 2025-12-10T20:34:03+07:00
[INFO] ------------------------------------------------------------------------
[ERROR] Failed to execute goal org.apache.maven.plugins:maven-surefire-plugin:3.5.4:test (default-test) on project spring-todos: 
[ERROR] 
[ERROR] See C:\PBO\prak9\proyek-pbo\target\surefire-reports for the individual test results.
[ERROR] See dump files (if any exist) [date].dump, [date]-jvmRun[N].dump and [date].dumpstream.
[ERROR] -> [Help 1]
[ERROR] 
[ERROR] To see the full stack trace of the errors, re-run Maven with the -e switch.
[ERROR] Re-run Maven using the -X switch to enable full debug logging.
[ERROR] 
[ERROR] For more information about the errors and possible solutions, please read the following articles:
[ERROR] [Help 1] http://cwiki.apache.org/confluence/display/MAVEN/MojoFailureException
